// Vitest Snapshot v1, https://vitest.dev/guide/snapshot.html

exports[`KDatePicker > should render snapshot 1`] = `
<div
  class="k-input-wrapper"
>
  <label
    class="k-label"
    for="date-picker-100000000"
  >
    Birth Date
  </label>
  <div
    class="k-input-container"
  >
    <span
      class="k-input k-datepicker k-input-md k-rounded-md k-input-solid"
    >
      <span
        class="k-dateinput k-input"
      >
        <input
          aria-controls="date-picker-100000000-popup-id"
          aria-disabled="false"
          aria-expanded="false"
          aria-haspopup="grid"
          aria-invalid="false"
          autocomplete="off"
          autocorrect="off"
          class="k-input-inner"
          id="date-picker-100000000"
          role="combobox"
          spellcheck="false"
          tabindex="0"
          title="month/day/year"
          type="text"
          value="month/day/year"
        />
      </span>
      <button
        aria-label="Toggle calendar"
        class="k-button k-button-md k-button-solid k-button-solid-base k-icon-button k-input-button"
        title="Toggle calendar"
        type="button"
      >
        <span
          aria-hidden="true"
          class="k-icon k-svg-icon k-svg-i-calendar k-button-icon"
        >
          <svg
            aria-hidden="true"
            focusable="false"
            viewBox="0 0 512 512"
            xmlns="http://www.w3.org/2000/svg"
          >
            <path
              d="M416 416H288V288h128zm64-352v384c0 17.6-14.4 32-32 32H64c-17.6 0-32-14.4-32-32V64c0-17.6 14.4-32 32-32h64V0h64v32h128V0h64v32h64c17.6 0 32 14.4 32 32m-32 128H64v255.9l.1.1 383.9-.1zm0-127.9q-.15-.15 0 0l-64-.1v32h-64V64H192v32h-64V64H64.1l-.1.1V160h384z"
            />
          </svg>
        </span>
      </button>
    </span>
  </div>
</div>
`;
